Archive member included to satisfy reference by file (symbol)

/srv/gcc-arm-none-eabi-5_4-2016q3/bin/../lib/gcc/arm-none-eabi/5.4.1/armv6-m/libgcc.a(_udivsi3.o)
                              ./code/main.o (__aeabi_uidiv)
/srv/gcc-arm-none-eabi-5_4-2016q3/bin/../lib/gcc/arm-none-eabi/5.4.1/armv6-m/libgcc.a(_divsi3.o)
                              ./code/main.o (__aeabi_idiv)
/srv/gcc-arm-none-eabi-5_4-2016q3/bin/../lib/gcc/arm-none-eabi/5.4.1/armv6-m/libgcc.a(_dvmd_tls.o)
                              /srv/gcc-arm-none-eabi-5_4-2016q3/bin/../lib/gcc/arm-none-eabi/5.4.1/armv6-m/libgcc.a(_udivsi3.o) (__aeabi_idiv0)
/srv/gcc-arm-none-eabi-5_4-2016q3/bin/../lib/gcc/arm-none-eabi/5.4.1/armv6-m/libgcc.a(_arm_cmpsf2.o)
                              ./code/main.o (__aeabi_fcmpeq)
/srv/gcc-arm-none-eabi-5_4-2016q3/bin/../lib/gcc/arm-none-eabi/5.4.1/armv6-m/libgcc.a(divsf3.o)
                              ./code/main.o (__aeabi_fdiv)
/srv/gcc-arm-none-eabi-5_4-2016q3/bin/../lib/gcc/arm-none-eabi/5.4.1/armv6-m/libgcc.a(eqsf2.o)
                              /srv/gcc-arm-none-eabi-5_4-2016q3/bin/../lib/gcc/arm-none-eabi/5.4.1/armv6-m/libgcc.a(_arm_cmpsf2.o) (__eqsf2)
/srv/gcc-arm-none-eabi-5_4-2016q3/bin/../lib/gcc/arm-none-eabi/5.4.1/armv6-m/libgcc.a(gesf2.o)
                              /srv/gcc-arm-none-eabi-5_4-2016q3/bin/../lib/gcc/arm-none-eabi/5.4.1/armv6-m/libgcc.a(_arm_cmpsf2.o) (__gesf2)
/srv/gcc-arm-none-eabi-5_4-2016q3/bin/../lib/gcc/arm-none-eabi/5.4.1/armv6-m/libgcc.a(lesf2.o)
                              /srv/gcc-arm-none-eabi-5_4-2016q3/bin/../lib/gcc/arm-none-eabi/5.4.1/armv6-m/libgcc.a(_arm_cmpsf2.o) (__lesf2)
/srv/gcc-arm-none-eabi-5_4-2016q3/bin/../lib/gcc/arm-none-eabi/5.4.1/armv6-m/libgcc.a(mulsf3.o)
                              ./code/main.o (__aeabi_fmul)
/srv/gcc-arm-none-eabi-5_4-2016q3/bin/../lib/gcc/arm-none-eabi/5.4.1/armv6-m/libgcc.a(fixsfsi.o)
                              ./code/main.o (__aeabi_f2iz)
/srv/gcc-arm-none-eabi-5_4-2016q3/bin/../lib/gcc/arm-none-eabi/5.4.1/armv6-m/libgcc.a(floatunsisf.o)
                              ./code/main.o (__aeabi_ui2f)
/srv/gcc-arm-none-eabi-5_4-2016q3/bin/../lib/gcc/arm-none-eabi/5.4.1/armv6-m/libgcc.a(divdf3.o)
                              ./code/main.o (__aeabi_ddiv)
/srv/gcc-arm-none-eabi-5_4-2016q3/bin/../lib/gcc/arm-none-eabi/5.4.1/armv6-m/libgcc.a(muldf3.o)
                              ./code/main.o (__aeabi_dmul)
/srv/gcc-arm-none-eabi-5_4-2016q3/bin/../lib/gcc/arm-none-eabi/5.4.1/armv6-m/libgcc.a(extendsfdf2.o)
                              ./code/main.o (__aeabi_f2d)
/srv/gcc-arm-none-eabi-5_4-2016q3/bin/../lib/gcc/arm-none-eabi/5.4.1/armv6-m/libgcc.a(truncdfsf2.o)
                              ./code/main.o (__aeabi_d2f)
/srv/gcc-arm-none-eabi-5_4-2016q3/bin/../lib/gcc/arm-none-eabi/5.4.1/armv6-m/libgcc.a(_clzsi2.o)
                              /srv/gcc-arm-none-eabi-5_4-2016q3/bin/../lib/gcc/arm-none-eabi/5.4.1/armv6-m/libgcc.a(divsf3.o) (__clzsi2)

Allocating common symbols
Common symbol       size              file

nMode_normal_times  0x4               ./code/main.o
dp_location         0x4               ./code/main.o
nMode_wheel_times   0x4               ./code/main.o
bit_wheel_size      0x4               ./code/main.o
wheel_size          0x4               ./code/main.o
ten_wheel_size      0x4               ./code/main.o
singal_wheel        0x1               ./code/main.o
hundrend_wheel_size
                    0x4               ./code/main.o

Memory Configuration

Name             Origin             Length             Attributes
ROM              0x00000000         0x00004000         xr
RAM              0x20000000         0x00000100         xrw
*default*        0x00000000         0xffffffff

Linker script and memory map

LOAD ./code/crt.o
LOAD ./code/vectors_designstart.o
LOAD ./code/main.o
START GROUP
LOAD /srv/gcc-arm-none-eabi-5_4-2016q3/bin/../lib/gcc/arm-none-eabi/5.4.1/armv6-m/libgcc.a
LOAD /srv/gcc-arm-none-eabi-5_4-2016q3/bin/../lib/gcc/arm-none-eabi/5.4.1/../../../../arm-none-eabi/lib/armv6-m/libc.a
END GROUP

.text           0x00000000     0x21a0
                0x00000000                _stext = .
 CREATE_OBJECT_SYMBOLS
 *(.vectors)
 .vectors       0x00000000       0xc0 ./code/vectors_designstart.o
                0x00000000                gVectors
 *(.text)
 .text          0x000000c0       0x2c ./code/crt.o
                0x000000c0                ResetHandler
 .text          0x000000ec       0x68 ./code/vectors_designstart.o
                0x000000ec                NMI_Handler
                0x000000f0                HardFault_Handler
                0x000000f4                MemManage_Handler
                0x000000f8                BusFault_Handler
                0x000000fc                UsageFault_Handler
                0x00000100                SVC_Handler
                0x00000104                DebugMon_Handler
                0x00000108                PendSV_Handler
                0x0000010c                SysTick_Handler
                0x00000110                WAKEUP_IRQHandler
                0x00000114                C_CAN_IRQHandler
                0x00000118                SSP1_IRQHandler
                0x0000011c                I2C_IRQHandler
                0x00000120                CT16B0_IRQHandler
                0x00000124                CT16B1_IRQHandler
                0x00000128                CT32B0_IRQHandler
                0x0000012c                CT32B1_IRQHandler
                0x00000130                SSP0_IRQHandler
                0x00000134                UART_IRQHandler
                0x00000138                ADC_IRQHandler
                0x0000013c                WDT_IRQHandler
                0x00000140                BOD_IRQHandler
                0x00000144                PIO_3_IRQHandler
                0x00000148                PIO_2_IRQHandler
                0x0000014c                PIO_1_IRQHandler
                0x00000150                PIO_0_IRQHandler
 .text          0x00000154      0x7d8 ./code/main.o
                0x00000154                read_SENSOR
                0x00000170                read_BUTTON
                0x0000018c                distance
                0x00000214                timer
                0x00000294                cadence
                0x000002c8                speed
                0x000003a0                seg_code
                0x00000404                seg_mod
                0x0000044c                write_led
                0x00000480                seg_decode
                0x0000052c                clear_all_register
                0x00000578                check_sensor
                0x000005a8                check_button
                0x000005d8                wait_for_any_BUTTON_data
                0x000007dc                delay
                0x000007fc                main
 .text          0x0000092c      0x114 /srv/gcc-arm-none-eabi-5_4-2016q3/bin/../lib/gcc/arm-none-eabi/5.4.1/armv6-m/libgcc.a(_udivsi3.o)
                0x0000092c                __udivsi3
                0x0000092c                __aeabi_uidiv
                0x00000a38                __aeabi_uidivmod
 .text          0x00000a40      0x1d4 /srv/gcc-arm-none-eabi-5_4-2016q3/bin/../lib/gcc/arm-none-eabi/5.4.1/armv6-m/libgcc.a(_divsi3.o)
                0x00000a40                __aeabi_idiv
                0x00000a40                __divsi3
                0x00000c0c                __aeabi_idivmod
 .text          0x00000c14        0x4 /srv/gcc-arm-none-eabi-5_4-2016q3/bin/../lib/gcc/arm-none-eabi/5.4.1/armv6-m/libgcc.a(_dvmd_tls.o)
                0x00000c14                __aeabi_ldiv0
                0x00000c14                __aeabi_idiv0
 .text          0x00000c18       0x74 /srv/gcc-arm-none-eabi-5_4-2016q3/bin/../lib/gcc/arm-none-eabi/5.4.1/armv6-m/libgcc.a(_arm_cmpsf2.o)
                0x00000c18                __aeabi_cfrcmple
                0x00000c20                __aeabi_cfcmple
                0x00000c20                __aeabi_cfcmpeq
                0x00000c30                __aeabi_fcmpeq
                0x00000c3c                __aeabi_fcmplt
                0x00000c50                __aeabi_fcmple
                0x00000c64                __aeabi_fcmpgt
                0x00000c78                __aeabi_fcmpge
 .text          0x00000c8c      0x234 /srv/gcc-arm-none-eabi-5_4-2016q3/bin/../lib/gcc/arm-none-eabi/5.4.1/armv6-m/libgcc.a(divsf3.o)
                0x00000c8c                __aeabi_fdiv
 .text          0x00000ec0       0x50 /srv/gcc-arm-none-eabi-5_4-2016q3/bin/../lib/gcc/arm-none-eabi/5.4.1/armv6-m/libgcc.a(eqsf2.o)
                0x00000ec0                __nesf2
                0x00000ec0                __eqsf2
 .text          0x00000f10       0x88 /srv/gcc-arm-none-eabi-5_4-2016q3/bin/../lib/gcc/arm-none-eabi/5.4.1/armv6-m/libgcc.a(gesf2.o)
                0x00000f10                __gtsf2
                0x00000f10                __gesf2
 .text          0x00000f98       0x88 /srv/gcc-arm-none-eabi-5_4-2016q3/bin/../lib/gcc/arm-none-eabi/5.4.1/armv6-m/libgcc.a(lesf2.o)
                0x00000f98                __lesf2
                0x00000f98                __ltsf2
 .text          0x00001020      0x228 /srv/gcc-arm-none-eabi-5_4-2016q3/bin/../lib/gcc/arm-none-eabi/5.4.1/armv6-m/libgcc.a(mulsf3.o)
                0x00001020                __aeabi_fmul
 .text          0x00001248       0x44 /srv/gcc-arm-none-eabi-5_4-2016q3/bin/../lib/gcc/arm-none-eabi/5.4.1/armv6-m/libgcc.a(fixsfsi.o)
                0x00001248                __aeabi_f2iz
 .text          0x0000128c       0x7c /srv/gcc-arm-none-eabi-5_4-2016q3/bin/../lib/gcc/arm-none-eabi/5.4.1/armv6-m/libgcc.a(floatunsisf.o)
                0x0000128c                __aeabi_ui2f
 .text          0x00001308      0x62c /srv/gcc-arm-none-eabi-5_4-2016q3/bin/../lib/gcc/arm-none-eabi/5.4.1/armv6-m/libgcc.a(divdf3.o)
                0x00001308                __aeabi_ddiv
 .text          0x00001934      0x4f4 /srv/gcc-arm-none-eabi-5_4-2016q3/bin/../lib/gcc/arm-none-eabi/5.4.1/armv6-m/libgcc.a(muldf3.o)
                0x00001934                __aeabi_dmul
 .text          0x00001e28       0xa8 /srv/gcc-arm-none-eabi-5_4-2016q3/bin/../lib/gcc/arm-none-eabi/5.4.1/armv6-m/libgcc.a(extendsfdf2.o)
                0x00001e28                __aeabi_f2d
 .text          0x00001ed0      0x118 /srv/gcc-arm-none-eabi-5_4-2016q3/bin/../lib/gcc/arm-none-eabi/5.4.1/armv6-m/libgcc.a(truncdfsf2.o)
                0x00001ed0                __aeabi_d2f
 .text          0x00001fe8       0x3c /srv/gcc-arm-none-eabi-5_4-2016q3/bin/../lib/gcc/arm-none-eabi/5.4.1/armv6-m/libgcc.a(_clzsi2.o)
                0x00001fe8                __clzsi2
 *(.text.*)
                0x00002024                . = ALIGN (0x4)
 *(.rodata)
 .rodata        0x00002024       0x3c ./code/main.o
 .rodata        0x00002060       0x80 /srv/gcc-arm-none-eabi-5_4-2016q3/bin/../lib/gcc/arm-none-eabi/5.4.1/armv6-m/libgcc.a(divsf3.o)
 .rodata        0x000020e0       0x40 /srv/gcc-arm-none-eabi-5_4-2016q3/bin/../lib/gcc/arm-none-eabi/5.4.1/armv6-m/libgcc.a(mulsf3.o)
 .rodata        0x00002120       0x40 /srv/gcc-arm-none-eabi-5_4-2016q3/bin/../lib/gcc/arm-none-eabi/5.4.1/armv6-m/libgcc.a(divdf3.o)
 .rodata        0x00002160       0x40 /srv/gcc-arm-none-eabi-5_4-2016q3/bin/../lib/gcc/arm-none-eabi/5.4.1/armv6-m/libgcc.a(muldf3.o)
 *(.rodata.*)
                0x000021a0                . = ALIGN (0x4)
                0x000021a0                _etext = .

.glue_7         0x000021a0        0x0
 .glue_7        0x000021a0        0x0 linker stubs

.glue_7t        0x000021a0        0x0
 .glue_7t       0x000021a0        0x0 linker stubs

.vfp11_veneer   0x000021a0        0x0
 .vfp11_veneer  0x000021a0        0x0 linker stubs

.v4_bx          0x000021a0        0x0
 .v4_bx         0x000021a0        0x0 linker stubs

.iplt           0x000021a0        0x0
 .iplt          0x000021a0        0x0 ./code/crt.o

.rel.dyn        0x000021a0        0x0
 .rel.iplt      0x000021a0        0x0 ./code/crt.o

.data           0x000021a0        0xc
                0x000021a0                . = ALIGN (0x4)
                0x000021a0                _sdata = .
 *(.data)
 .data          0x000021a0        0x0 ./code/crt.o
 .data          0x000021a0        0x0 ./code/vectors_designstart.o
 .data          0x000021a0        0xc ./code/main.o
                0x000021a0                SENSOR_REGS
                0x000021a4                BUTTON_REGS
                0x000021a8                LED_REGS
 .data          0x000021ac        0x0 /srv/gcc-arm-none-eabi-5_4-2016q3/bin/../lib/gcc/arm-none-eabi/5.4.1/armv6-m/libgcc.a(_udivsi3.o)
 .data          0x000021ac        0x0 /srv/gcc-arm-none-eabi-5_4-2016q3/bin/../lib/gcc/arm-none-eabi/5.4.1/armv6-m/libgcc.a(_divsi3.o)
 .data          0x000021ac        0x0 /srv/gcc-arm-none-eabi-5_4-2016q3/bin/../lib/gcc/arm-none-eabi/5.4.1/armv6-m/libgcc.a(_dvmd_tls.o)
 .data          0x000021ac        0x0 /srv/gcc-arm-none-eabi-5_4-2016q3/bin/../lib/gcc/arm-none-eabi/5.4.1/armv6-m/libgcc.a(_arm_cmpsf2.o)
 .data          0x000021ac        0x0 /srv/gcc-arm-none-eabi-5_4-2016q3/bin/../lib/gcc/arm-none-eabi/5.4.1/armv6-m/libgcc.a(divsf3.o)
 .data          0x000021ac        0x0 /srv/gcc-arm-none-eabi-5_4-2016q3/bin/../lib/gcc/arm-none-eabi/5.4.1/armv6-m/libgcc.a(eqsf2.o)
 .data          0x000021ac        0x0 /srv/gcc-arm-none-eabi-5_4-2016q3/bin/../lib/gcc/arm-none-eabi/5.4.1/armv6-m/libgcc.a(gesf2.o)
 .data          0x000021ac        0x0 /srv/gcc-arm-none-eabi-5_4-2016q3/bin/../lib/gcc/arm-none-eabi/5.4.1/armv6-m/libgcc.a(lesf2.o)
 .data          0x000021ac        0x0 /srv/gcc-arm-none-eabi-5_4-2016q3/bin/../lib/gcc/arm-none-eabi/5.4.1/armv6-m/libgcc.a(mulsf3.o)
 .data          0x000021ac        0x0 /srv/gcc-arm-none-eabi-5_4-2016q3/bin/../lib/gcc/arm-none-eabi/5.4.1/armv6-m/libgcc.a(fixsfsi.o)
 .data          0x000021ac        0x0 /srv/gcc-arm-none-eabi-5_4-2016q3/bin/../lib/gcc/arm-none-eabi/5.4.1/armv6-m/libgcc.a(floatunsisf.o)
 .data          0x000021ac        0x0 /srv/gcc-arm-none-eabi-5_4-2016q3/bin/../lib/gcc/arm-none-eabi/5.4.1/armv6-m/libgcc.a(divdf3.o)
 .data          0x000021ac        0x0 /srv/gcc-arm-none-eabi-5_4-2016q3/bin/../lib/gcc/arm-none-eabi/5.4.1/armv6-m/libgcc.a(muldf3.o)
 .data          0x000021ac        0x0 /srv/gcc-arm-none-eabi-5_4-2016q3/bin/../lib/gcc/arm-none-eabi/5.4.1/armv6-m/libgcc.a(extendsfdf2.o)
 .data          0x000021ac        0x0 /srv/gcc-arm-none-eabi-5_4-2016q3/bin/../lib/gcc/arm-none-eabi/5.4.1/armv6-m/libgcc.a(truncdfsf2.o)
 .data          0x000021ac        0x0 /srv/gcc-arm-none-eabi-5_4-2016q3/bin/../lib/gcc/arm-none-eabi/5.4.1/armv6-m/libgcc.a(_clzsi2.o)
 *(.data.*)
                0x000021ac                . = ALIGN (0x4)
 *(.fastrun)
 *(.fastrun.*)
                0x000021ac                . = ALIGN (0x4)
                0x000021ac                _edata = .

.igot.plt       0x000021ac        0x0
 .igot.plt      0x000021ac        0x0 ./code/crt.o

.bss            0x20000000       0x20
                0x20000000                . = ALIGN (0x4)
                0x20000000                _sbss = .
 *(.bss)
 .bss           0x20000000        0x0 ./code/crt.o
 .bss           0x20000000        0x0 ./code/vectors_designstart.o
 .bss           0x20000000        0x0 ./code/main.o
 .bss           0x20000000        0x0 /srv/gcc-arm-none-eabi-5_4-2016q3/bin/../lib/gcc/arm-none-eabi/5.4.1/armv6-m/libgcc.a(_udivsi3.o)
 .bss           0x20000000        0x0 /srv/gcc-arm-none-eabi-5_4-2016q3/bin/../lib/gcc/arm-none-eabi/5.4.1/armv6-m/libgcc.a(_divsi3.o)
 .bss           0x20000000        0x0 /srv/gcc-arm-none-eabi-5_4-2016q3/bin/../lib/gcc/arm-none-eabi/5.4.1/armv6-m/libgcc.a(_dvmd_tls.o)
 .bss           0x20000000        0x0 /srv/gcc-arm-none-eabi-5_4-2016q3/bin/../lib/gcc/arm-none-eabi/5.4.1/armv6-m/libgcc.a(_arm_cmpsf2.o)
 .bss           0x20000000        0x0 /srv/gcc-arm-none-eabi-5_4-2016q3/bin/../lib/gcc/arm-none-eabi/5.4.1/armv6-m/libgcc.a(divsf3.o)
 .bss           0x20000000        0x0 /srv/gcc-arm-none-eabi-5_4-2016q3/bin/../lib/gcc/arm-none-eabi/5.4.1/armv6-m/libgcc.a(eqsf2.o)
 .bss           0x20000000        0x0 /srv/gcc-arm-none-eabi-5_4-2016q3/bin/../lib/gcc/arm-none-eabi/5.4.1/armv6-m/libgcc.a(gesf2.o)
 .bss           0x20000000        0x0 /srv/gcc-arm-none-eabi-5_4-2016q3/bin/../lib/gcc/arm-none-eabi/5.4.1/armv6-m/libgcc.a(lesf2.o)
 .bss           0x20000000        0x0 /srv/gcc-arm-none-eabi-5_4-2016q3/bin/../lib/gcc/arm-none-eabi/5.4.1/armv6-m/libgcc.a(mulsf3.o)
 .bss           0x20000000        0x0 /srv/gcc-arm-none-eabi-5_4-2016q3/bin/../lib/gcc/arm-none-eabi/5.4.1/armv6-m/libgcc.a(fixsfsi.o)
 .bss           0x20000000        0x0 /srv/gcc-arm-none-eabi-5_4-2016q3/bin/../lib/gcc/arm-none-eabi/5.4.1/armv6-m/libgcc.a(floatunsisf.o)
 .bss           0x20000000        0x0 /srv/gcc-arm-none-eabi-5_4-2016q3/bin/../lib/gcc/arm-none-eabi/5.4.1/armv6-m/libgcc.a(divdf3.o)
 .bss           0x20000000        0x0 /srv/gcc-arm-none-eabi-5_4-2016q3/bin/../lib/gcc/arm-none-eabi/5.4.1/armv6-m/libgcc.a(muldf3.o)
 .bss           0x20000000        0x0 /srv/gcc-arm-none-eabi-5_4-2016q3/bin/../lib/gcc/arm-none-eabi/5.4.1/armv6-m/libgcc.a(extendsfdf2.o)
 .bss           0x20000000        0x0 /srv/gcc-arm-none-eabi-5_4-2016q3/bin/../lib/gcc/arm-none-eabi/5.4.1/armv6-m/libgcc.a(truncdfsf2.o)
 .bss           0x20000000        0x0 /srv/gcc-arm-none-eabi-5_4-2016q3/bin/../lib/gcc/arm-none-eabi/5.4.1/armv6-m/libgcc.a(_clzsi2.o)
 *(.bss.*)
                0x20000000                . = ALIGN (0x4)
 COMMON         0x20000000       0x20 ./code/main.o
                0x20000000                nMode_normal_times
                0x20000004                dp_location
                0x20000008                nMode_wheel_times
                0x2000000c                bit_wheel_size
                0x20000010                wheel_size
                0x20000014                ten_wheel_size
                0x20000018                singal_wheel
                0x2000001c                hundrend_wheel_size
                0x20000020                _ebss = .
                0x20000100                _estack = (ORIGIN (RAM) + LENGTH (RAM))

/DISCARD/
 *(.ARM.exidx*)
OUTPUT(test_designstart.elf elf32-littlearm)

.debug_info     0x00000000      0x96f
 .debug_info    0x00000000       0xcb ./code/crt.o
 .debug_info    0x000000cb      0x297 ./code/vectors_designstart.o
 .debug_info    0x00000362      0x60d ./code/main.o

.debug_abbrev   0x00000000      0x29c
 .debug_abbrev  0x00000000       0x7a ./code/crt.o
 .debug_abbrev  0x0000007a       0x82 ./code/vectors_designstart.o
 .debug_abbrev  0x000000fc      0x1a0 ./code/main.o

.debug_loc      0x00000000      0x260
 .debug_loc     0x00000000       0x2c ./code/crt.o
 .debug_loc     0x0000002c      0x234 ./code/main.o

.debug_aranges  0x00000000       0x60
 .debug_aranges
                0x00000000       0x20 ./code/crt.o
 .debug_aranges
                0x00000020       0x20 ./code/vectors_designstart.o
 .debug_aranges
                0x00000040       0x20 ./code/main.o

.debug_line     0x00000000      0x38b
 .debug_line    0x00000000       0xe1 ./code/crt.o
 .debug_line    0x000000e1       0xe6 ./code/vectors_designstart.o
 .debug_line    0x000001c7      0x1c4 ./code/main.o

.debug_str      0x00000000      0x5a9
 .debug_str     0x00000000      0x12b ./code/crt.o
                                0x168 (size before relaxing)
 .debug_str     0x0000012b      0x1e0 ./code/vectors_designstart.o
                                0x298 (size before relaxing)
 .debug_str     0x0000030b      0x29e ./code/main.o
                                0x40c (size before relaxing)

.comment        0x00000000       0x6e
 .comment       0x00000000       0x6e ./code/crt.o
                                 0x6f (size before relaxing)
 .comment       0x0000006e       0x6f ./code/vectors_designstart.o
 .comment       0x0000006e       0x6f ./code/main.o

.ARM.attributes
                0x00000000       0x31
 .ARM.attributes
                0x00000000       0x31 ./code/crt.o
 .ARM.attributes
                0x00000031       0x31 ./code/vectors_designstart.o
 .ARM.attributes
                0x00000062       0x31 ./code/main.o
 .ARM.attributes
                0x00000093       0x1e /srv/gcc-arm-none-eabi-5_4-2016q3/bin/../lib/gcc/arm-none-eabi/5.4.1/armv6-m/libgcc.a(_udivsi3.o)
 .ARM.attributes
                0x000000b1       0x1e /srv/gcc-arm-none-eabi-5_4-2016q3/bin/../lib/gcc/arm-none-eabi/5.4.1/armv6-m/libgcc.a(_divsi3.o)
 .ARM.attributes
                0x000000cf       0x1e /srv/gcc-arm-none-eabi-5_4-2016q3/bin/../lib/gcc/arm-none-eabi/5.4.1/armv6-m/libgcc.a(_dvmd_tls.o)
 .ARM.attributes
                0x000000ed       0x1e /srv/gcc-arm-none-eabi-5_4-2016q3/bin/../lib/gcc/arm-none-eabi/5.4.1/armv6-m/libgcc.a(_arm_cmpsf2.o)
 .ARM.attributes
                0x0000010b       0x2c /srv/gcc-arm-none-eabi-5_4-2016q3/bin/../lib/gcc/arm-none-eabi/5.4.1/armv6-m/libgcc.a(divsf3.o)
 .ARM.attributes
                0x00000137       0x2c /srv/gcc-arm-none-eabi-5_4-2016q3/bin/../lib/gcc/arm-none-eabi/5.4.1/armv6-m/libgcc.a(eqsf2.o)
 .ARM.attributes
                0x00000163       0x2c /srv/gcc-arm-none-eabi-5_4-2016q3/bin/../lib/gcc/arm-none-eabi/5.4.1/armv6-m/libgcc.a(gesf2.o)
 .ARM.attributes
                0x0000018f       0x2c /srv/gcc-arm-none-eabi-5_4-2016q3/bin/../lib/gcc/arm-none-eabi/5.4.1/armv6-m/libgcc.a(lesf2.o)
 .ARM.attributes
                0x000001bb       0x2c /srv/gcc-arm-none-eabi-5_4-2016q3/bin/../lib/gcc/arm-none-eabi/5.4.1/armv6-m/libgcc.a(mulsf3.o)
 .ARM.attributes
                0x000001e7       0x2c /srv/gcc-arm-none-eabi-5_4-2016q3/bin/../lib/gcc/arm-none-eabi/5.4.1/armv6-m/libgcc.a(fixsfsi.o)
 .ARM.attributes
                0x00000213       0x2c /srv/gcc-arm-none-eabi-5_4-2016q3/bin/../lib/gcc/arm-none-eabi/5.4.1/armv6-m/libgcc.a(floatunsisf.o)
 .ARM.attributes
                0x0000023f       0x2c /srv/gcc-arm-none-eabi-5_4-2016q3/bin/../lib/gcc/arm-none-eabi/5.4.1/armv6-m/libgcc.a(divdf3.o)
 .ARM.attributes
                0x0000026b       0x2c /srv/gcc-arm-none-eabi-5_4-2016q3/bin/../lib/gcc/arm-none-eabi/5.4.1/armv6-m/libgcc.a(muldf3.o)
 .ARM.attributes
                0x00000297       0x2c /srv/gcc-arm-none-eabi-5_4-2016q3/bin/../lib/gcc/arm-none-eabi/5.4.1/armv6-m/libgcc.a(extendsfdf2.o)
 .ARM.attributes
                0x000002c3       0x2c /srv/gcc-arm-none-eabi-5_4-2016q3/bin/../lib/gcc/arm-none-eabi/5.4.1/armv6-m/libgcc.a(truncdfsf2.o)
 .ARM.attributes
                0x000002ef       0x1e /srv/gcc-arm-none-eabi-5_4-2016q3/bin/../lib/gcc/arm-none-eabi/5.4.1/armv6-m/libgcc.a(_clzsi2.o)

.debug_frame    0x00000000      0x5c8
 .debug_frame   0x00000000       0x2c ./code/crt.o
 .debug_frame   0x0000002c      0x1b0 ./code/vectors_designstart.o
 .debug_frame   0x000001dc      0x190 ./code/main.o
 .debug_frame   0x0000036c       0x20 /srv/gcc-arm-none-eabi-5_4-2016q3/bin/../lib/gcc/arm-none-eabi/5.4.1/armv6-m/libgcc.a(_udivsi3.o)
 .debug_frame   0x0000038c       0x20 /srv/gcc-arm-none-eabi-5_4-2016q3/bin/../lib/gcc/arm-none-eabi/5.4.1/armv6-m/libgcc.a(_divsi3.o)
 .debug_frame   0x000003ac       0x3c /srv/gcc-arm-none-eabi-5_4-2016q3/bin/../lib/gcc/arm-none-eabi/5.4.1/armv6-m/libgcc.a(divsf3.o)
 .debug_frame   0x000003e8       0x2c /srv/gcc-arm-none-eabi-5_4-2016q3/bin/../lib/gcc/arm-none-eabi/5.4.1/armv6-m/libgcc.a(eqsf2.o)
 .debug_frame   0x00000414       0x30 /srv/gcc-arm-none-eabi-5_4-2016q3/bin/../lib/gcc/arm-none-eabi/5.4.1/armv6-m/libgcc.a(gesf2.o)
 .debug_frame   0x00000444       0x30 /srv/gcc-arm-none-eabi-5_4-2016q3/bin/../lib/gcc/arm-none-eabi/5.4.1/armv6-m/libgcc.a(lesf2.o)
 .debug_frame   0x00000474       0x38 /srv/gcc-arm-none-eabi-5_4-2016q3/bin/../lib/gcc/arm-none-eabi/5.4.1/armv6-m/libgcc.a(mulsf3.o)
 .debug_frame   0x000004ac       0x20 /srv/gcc-arm-none-eabi-5_4-2016q3/bin/../lib/gcc/arm-none-eabi/5.4.1/armv6-m/libgcc.a(fixsfsi.o)
 .debug_frame   0x000004cc       0x2c /srv/gcc-arm-none-eabi-5_4-2016q3/bin/../lib/gcc/arm-none-eabi/5.4.1/armv6-m/libgcc.a(floatunsisf.o)
 .debug_frame   0x000004f8       0x3c /srv/gcc-arm-none-eabi-5_4-2016q3/bin/../lib/gcc/arm-none-eabi/5.4.1/armv6-m/libgcc.a(divdf3.o)
 .debug_frame   0x00000534       0x3c /srv/gcc-arm-none-eabi-5_4-2016q3/bin/../lib/gcc/arm-none-eabi/5.4.1/armv6-m/libgcc.a(muldf3.o)
 .debug_frame   0x00000570       0x2c /srv/gcc-arm-none-eabi-5_4-2016q3/bin/../lib/gcc/arm-none-eabi/5.4.1/armv6-m/libgcc.a(extendsfdf2.o)
 .debug_frame   0x0000059c       0x2c /srv/gcc-arm-none-eabi-5_4-2016q3/bin/../lib/gcc/arm-none-eabi/5.4.1/armv6-m/libgcc.a(truncdfsf2.o)

Cross Reference Table

Symbol                                            File
ADC_IRQHandler                                    ./code/vectors_designstart.o
BOD_IRQHandler                                    ./code/vectors_designstart.o
BUTTON_REGS                                       ./code/main.o
BusFault_Handler                                  ./code/vectors_designstart.o
CT16B0_IRQHandler                                 ./code/vectors_designstart.o
CT16B1_IRQHandler                                 ./code/vectors_designstart.o
CT32B0_IRQHandler                                 ./code/vectors_designstart.o
CT32B1_IRQHandler                                 ./code/vectors_designstart.o
C_CAN_IRQHandler                                  ./code/vectors_designstart.o
DebugMon_Handler                                  ./code/vectors_designstart.o
HardFault_Handler                                 ./code/vectors_designstart.o
I2C_IRQHandler                                    ./code/vectors_designstart.o
LED_REGS                                          ./code/main.o
MemManage_Handler                                 ./code/vectors_designstart.o
NMI_Handler                                       ./code/vectors_designstart.o
PIO_0_IRQHandler                                  ./code/vectors_designstart.o
PIO_1_IRQHandler                                  ./code/vectors_designstart.o
PIO_2_IRQHandler                                  ./code/vectors_designstart.o
PIO_3_IRQHandler                                  ./code/vectors_designstart.o
PendSV_Handler                                    ./code/vectors_designstart.o
ResetHandler                                      ./code/crt.o
                                                  ./code/vectors_designstart.o
SENSOR_REGS                                       ./code/main.o
SSP0_IRQHandler                                   ./code/vectors_designstart.o
SSP1_IRQHandler                                   ./code/vectors_designstart.o
SVC_Handler                                       ./code/vectors_designstart.o
SysTick_Handler                                   ./code/vectors_designstart.o
UART_IRQHandler                                   ./code/vectors_designstart.o
UsageFault_Handler                                ./code/vectors_designstart.o
WAKEUP_IRQHandler                                 ./code/vectors_designstart.o
WDT_IRQHandler                                    ./code/vectors_designstart.o
__aeabi_cfcmpeq                                   /srv/gcc-arm-none-eabi-5_4-2016q3/bin/../lib/gcc/arm-none-eabi/5.4.1/armv6-m/libgcc.a(_arm_cmpsf2.o)
__aeabi_cfcmple                                   /srv/gcc-arm-none-eabi-5_4-2016q3/bin/../lib/gcc/arm-none-eabi/5.4.1/armv6-m/libgcc.a(_arm_cmpsf2.o)
__aeabi_cfrcmple                                  /srv/gcc-arm-none-eabi-5_4-2016q3/bin/../lib/gcc/arm-none-eabi/5.4.1/armv6-m/libgcc.a(_arm_cmpsf2.o)
__aeabi_d2f                                       /srv/gcc-arm-none-eabi-5_4-2016q3/bin/../lib/gcc/arm-none-eabi/5.4.1/armv6-m/libgcc.a(truncdfsf2.o)
                                                  ./code/main.o
__aeabi_ddiv                                      /srv/gcc-arm-none-eabi-5_4-2016q3/bin/../lib/gcc/arm-none-eabi/5.4.1/armv6-m/libgcc.a(divdf3.o)
                                                  ./code/main.o
__aeabi_dmul                                      /srv/gcc-arm-none-eabi-5_4-2016q3/bin/../lib/gcc/arm-none-eabi/5.4.1/armv6-m/libgcc.a(muldf3.o)
                                                  ./code/main.o
__aeabi_f2d                                       /srv/gcc-arm-none-eabi-5_4-2016q3/bin/../lib/gcc/arm-none-eabi/5.4.1/armv6-m/libgcc.a(extendsfdf2.o)
                                                  ./code/main.o
__aeabi_f2iz                                      /srv/gcc-arm-none-eabi-5_4-2016q3/bin/../lib/gcc/arm-none-eabi/5.4.1/armv6-m/libgcc.a(fixsfsi.o)
                                                  ./code/main.o
__aeabi_fcmpeq                                    /srv/gcc-arm-none-eabi-5_4-2016q3/bin/../lib/gcc/arm-none-eabi/5.4.1/armv6-m/libgcc.a(_arm_cmpsf2.o)
                                                  ./code/main.o
__aeabi_fcmpge                                    /srv/gcc-arm-none-eabi-5_4-2016q3/bin/../lib/gcc/arm-none-eabi/5.4.1/armv6-m/libgcc.a(_arm_cmpsf2.o)
__aeabi_fcmpgt                                    /srv/gcc-arm-none-eabi-5_4-2016q3/bin/../lib/gcc/arm-none-eabi/5.4.1/armv6-m/libgcc.a(_arm_cmpsf2.o)
__aeabi_fcmple                                    /srv/gcc-arm-none-eabi-5_4-2016q3/bin/../lib/gcc/arm-none-eabi/5.4.1/armv6-m/libgcc.a(_arm_cmpsf2.o)
                                                  ./code/main.o
__aeabi_fcmplt                                    /srv/gcc-arm-none-eabi-5_4-2016q3/bin/../lib/gcc/arm-none-eabi/5.4.1/armv6-m/libgcc.a(_arm_cmpsf2.o)
__aeabi_fdiv                                      /srv/gcc-arm-none-eabi-5_4-2016q3/bin/../lib/gcc/arm-none-eabi/5.4.1/armv6-m/libgcc.a(divsf3.o)
                                                  ./code/main.o
__aeabi_fmul                                      /srv/gcc-arm-none-eabi-5_4-2016q3/bin/../lib/gcc/arm-none-eabi/5.4.1/armv6-m/libgcc.a(mulsf3.o)
                                                  ./code/main.o
__aeabi_idiv                                      /srv/gcc-arm-none-eabi-5_4-2016q3/bin/../lib/gcc/arm-none-eabi/5.4.1/armv6-m/libgcc.a(_divsi3.o)
                                                  ./code/main.o
__aeabi_idiv0                                     /srv/gcc-arm-none-eabi-5_4-2016q3/bin/../lib/gcc/arm-none-eabi/5.4.1/armv6-m/libgcc.a(_dvmd_tls.o)
                                                  /srv/gcc-arm-none-eabi-5_4-2016q3/bin/../lib/gcc/arm-none-eabi/5.4.1/armv6-m/libgcc.a(_divsi3.o)
                                                  /srv/gcc-arm-none-eabi-5_4-2016q3/bin/../lib/gcc/arm-none-eabi/5.4.1/armv6-m/libgcc.a(_udivsi3.o)
__aeabi_idivmod                                   /srv/gcc-arm-none-eabi-5_4-2016q3/bin/../lib/gcc/arm-none-eabi/5.4.1/armv6-m/libgcc.a(_divsi3.o)
                                                  ./code/main.o
__aeabi_ldiv0                                     /srv/gcc-arm-none-eabi-5_4-2016q3/bin/../lib/gcc/arm-none-eabi/5.4.1/armv6-m/libgcc.a(_dvmd_tls.o)
__aeabi_ui2f                                      /srv/gcc-arm-none-eabi-5_4-2016q3/bin/../lib/gcc/arm-none-eabi/5.4.1/armv6-m/libgcc.a(floatunsisf.o)
                                                  ./code/main.o
__aeabi_uidiv                                     /srv/gcc-arm-none-eabi-5_4-2016q3/bin/../lib/gcc/arm-none-eabi/5.4.1/armv6-m/libgcc.a(_udivsi3.o)
                                                  /srv/gcc-arm-none-eabi-5_4-2016q3/bin/../lib/gcc/arm-none-eabi/5.4.1/armv6-m/libgcc.a(divdf3.o)
                                                  ./code/main.o
__aeabi_uidivmod                                  /srv/gcc-arm-none-eabi-5_4-2016q3/bin/../lib/gcc/arm-none-eabi/5.4.1/armv6-m/libgcc.a(_udivsi3.o)
                                                  /srv/gcc-arm-none-eabi-5_4-2016q3/bin/../lib/gcc/arm-none-eabi/5.4.1/armv6-m/libgcc.a(divdf3.o)
__clzsi2                                          /srv/gcc-arm-none-eabi-5_4-2016q3/bin/../lib/gcc/arm-none-eabi/5.4.1/armv6-m/libgcc.a(_clzsi2.o)
                                                  /srv/gcc-arm-none-eabi-5_4-2016q3/bin/../lib/gcc/arm-none-eabi/5.4.1/armv6-m/libgcc.a(extendsfdf2.o)
                                                  /srv/gcc-arm-none-eabi-5_4-2016q3/bin/../lib/gcc/arm-none-eabi/5.4.1/armv6-m/libgcc.a(muldf3.o)
                                                  /srv/gcc-arm-none-eabi-5_4-2016q3/bin/../lib/gcc/arm-none-eabi/5.4.1/armv6-m/libgcc.a(divdf3.o)
                                                  /srv/gcc-arm-none-eabi-5_4-2016q3/bin/../lib/gcc/arm-none-eabi/5.4.1/armv6-m/libgcc.a(floatunsisf.o)
                                                  /srv/gcc-arm-none-eabi-5_4-2016q3/bin/../lib/gcc/arm-none-eabi/5.4.1/armv6-m/libgcc.a(mulsf3.o)
                                                  /srv/gcc-arm-none-eabi-5_4-2016q3/bin/../lib/gcc/arm-none-eabi/5.4.1/armv6-m/libgcc.a(divsf3.o)
__divsi3                                          /srv/gcc-arm-none-eabi-5_4-2016q3/bin/../lib/gcc/arm-none-eabi/5.4.1/armv6-m/libgcc.a(_divsi3.o)
__eqsf2                                           /srv/gcc-arm-none-eabi-5_4-2016q3/bin/../lib/gcc/arm-none-eabi/5.4.1/armv6-m/libgcc.a(eqsf2.o)
                                                  /srv/gcc-arm-none-eabi-5_4-2016q3/bin/../lib/gcc/arm-none-eabi/5.4.1/armv6-m/libgcc.a(_arm_cmpsf2.o)
__gesf2                                           /srv/gcc-arm-none-eabi-5_4-2016q3/bin/../lib/gcc/arm-none-eabi/5.4.1/armv6-m/libgcc.a(gesf2.o)
                                                  /srv/gcc-arm-none-eabi-5_4-2016q3/bin/../lib/gcc/arm-none-eabi/5.4.1/armv6-m/libgcc.a(_arm_cmpsf2.o)
__gtsf2                                           /srv/gcc-arm-none-eabi-5_4-2016q3/bin/../lib/gcc/arm-none-eabi/5.4.1/armv6-m/libgcc.a(gesf2.o)
__lesf2                                           /srv/gcc-arm-none-eabi-5_4-2016q3/bin/../lib/gcc/arm-none-eabi/5.4.1/armv6-m/libgcc.a(lesf2.o)
                                                  /srv/gcc-arm-none-eabi-5_4-2016q3/bin/../lib/gcc/arm-none-eabi/5.4.1/armv6-m/libgcc.a(_arm_cmpsf2.o)
__ltsf2                                           /srv/gcc-arm-none-eabi-5_4-2016q3/bin/../lib/gcc/arm-none-eabi/5.4.1/armv6-m/libgcc.a(lesf2.o)
__nesf2                                           /srv/gcc-arm-none-eabi-5_4-2016q3/bin/../lib/gcc/arm-none-eabi/5.4.1/armv6-m/libgcc.a(eqsf2.o)
__udivsi3                                         /srv/gcc-arm-none-eabi-5_4-2016q3/bin/../lib/gcc/arm-none-eabi/5.4.1/armv6-m/libgcc.a(_udivsi3.o)
_ebss                                             ./code/crt.o
_estack                                           ./code/vectors_designstart.o
_sbss                                             ./code/crt.o
bit_wheel_size                                    ./code/main.o
cadence                                           ./code/main.o
check_button                                      ./code/main.o
check_sensor                                      ./code/main.o
clear_all_register                                ./code/main.o
delay                                             ./code/main.o
distance                                          ./code/main.o
dp_location                                       ./code/main.o
gVectors                                          ./code/vectors_designstart.o
hundrend_wheel_size                               ./code/main.o
main                                              ./code/main.o
                                                  ./code/crt.o
nMode_normal_times                                ./code/main.o
nMode_wheel_times                                 ./code/main.o
read_BUTTON                                       ./code/main.o
read_SENSOR                                       ./code/main.o
seg_code                                          ./code/main.o
seg_decode                                        ./code/main.o
seg_mod                                           ./code/main.o
singal_wheel                                      ./code/main.o
speed                                             ./code/main.o
ten_wheel_size                                    ./code/main.o
timer                                             ./code/main.o
wait_for_any_BUTTON_data                          ./code/main.o
wheel_size                                        ./code/main.o
write_led                                         ./code/main.o
